/mnt/data/cursor-0.45.11-build-250207y6nbaw5qc-x86_64.AppImage: ignoring input
self.device=device(type='cuda')
0it [00:00, ?it/s]FigureWidget({
    'data': [{'line': {'color': 'green'},
              'mode': 'lines',
              'showlegend': False,
              'type': 'scatter',
              'uid': '59e08d65-f3d5-49e4-abde-b736208d430e',
              'x': [],
              'xaxis': 'x',
              'y': [],
              'yaxis': 'y'},
             {'line': {'color': 'red'},
              'mode': 'lines',
              'showlegend': False,
              'type': 'scatter',
              'uid': '637dda6d-0749-4104-93a0-b9e21136d1b8',
              'x': [],
              'xaxis': 'x',
              'y': [],
              'yaxis': 'y'},
             {'marker': {'color': 'green', 'size': 12, 'symbol': 'triangle-up'},
              'mode': 'markers',
              'name': 'Omniscient Entry',
              'showlegend': True,
              'type': 'scatter',
              'uid': 'e59131ec-30e3-4182-9b58-ccc1db0b0868',
              'x': [],
              'xaxis': 'x',
              'y': [],
              'yaxis': 'y'},
             {'marker': {'color': 'darkgreen', 'size': 12, 'symbol': 'triangle-down'},
              'mode': 'markers',
              'name': 'Omniscient Exit',
              'showlegend': True,
              'type': 'scatter',
              'uid': 'c788f609-255f-483c-9566-b7193286ecff',
              'x': [],
              'xaxis': 'x',
              'y': [],
              'yaxis': 'y'},
             {'marker': {'color': 'red', 'size': 12, 'symbol': 'triangle-up'},
              'mode': 'markers',
              'name': 'Prediction Entry',
              'showlegend': True,
              'type': 'scatter',
              'uid': '4867b3e8-b529-45b4-8032-dfdc5f44501d',
              'x': [],
              'xaxis': 'x',
              'y': [],
              'yaxis': 'y'},
             {'marker': {'color': 'darkred', 'size': 12, 'symbol': 'triangle-down'},
              'mode': 'markers',
              'name': 'Prediction Exit',
              'showlegend': True,
              'type': 'scatter',
              'uid': '59a13b3a-17ab-4804-8c05-f44c833a199c',
              'x': [],
              'xaxis': 'x',
              'y': [],
              'yaxis': 'y'},
             {'colorscale': [[0.0, 'rgb(103,0,31)'], [0.1, 'rgb(178,24,43)'],
                             [0.2, 'rgb(214,96,77)'], [0.3, 'rgb(244,165,130)'],
                             [0.4, 'rgb(253,219,199)'], [0.5, 'rgb(247,247,247)'],
                             [0.6, 'rgb(209,229,240)'], [0.7, 'rgb(146,197,222)'],
                             [0.8, 'rgb(67,147,195)'], [0.9, 'rgb(33,102,172)'],
                             [1.0, 'rgb(5,48,97)']],
              'showscale': False,
              'type': 'heatmap',
              'uid': '4b85b960-1994-4b38-a0c8-05130f5bd81e',
              'xaxis': 'x2',
              'yaxis': 'y2',
              'z': array([[0., 0., 0., 0., 0., 0., 0., 0., 0., 0.],
                          [0., 0., 0., 0., 0., 0., 0., 0., 0., 0.],
                          [0., 0., 0., 0., 0., 0., 0., 0., 0., 0.],
                          [0., 0., 0., 0., 0., 0., 0., 0., 0., 0.],
                          [0., 0., 0., 0., 0., 0., 0., 0., 0., 0.],
                          [0., 0., 0., 0., 0., 0., 0., 0., 0., 0.],
                          [0., 0., 0., 0., 0., 0., 0., 0., 0., 0.],
                          [0., 0., 0., 0., 0., 0., 0., 0., 0., 0.],
                          [0., 0., 0., 0., 0., 0., 0., 0., 0., 0.],
                          [0., 0., 0., 0., 0., 0., 0., 0., 0., 0.]]),
              'zmax': 1,
              'zmin': -1},
             {'marker': {'color': 'rgba(0, 0, 0, 0.8)', 'symbol': 'triangle-up'},
              'mode': 'markers',
              'name': 'Feature 2',
              'showlegend': True,
              'type': 'scatter',
              'uid': 'a09926c3-6f5b-4586-8e6a-009425f4ba4b',
              'x': [],
              'xaxis': 'x2',
              'y': [],
              'yaxis': 'y2'},
             {'marker': {'color': 'rgba(0, 0, 0, 0.8)', 'symbol': 'triangle-down'},
              'mode': 'markers',
              'name': 'Feature 3',
              'showlegend': True,
              'type': 'scatter',
              'uid': '65b21590-305c-41cd-be14-164dd60d5ff3',
              'x': [],
              'xaxis': 'x2',
              'y': [],
              'yaxis': 'y2'},
             {'colorscale': [[0.0, '#30123b'], [0.07142857142857142, '#4145ab'],
                             [0.14285714285714285, '#4675ed'],
                             [0.21428571428571427, '#39a2fc'], [0.2857142857142857,
                             '#1bcfd4'], [0.35714285714285715, '#24eca6'],
                             [0.42857142857142855, '#61fc6c'], [0.5, '#a4fc3b'],
                             [0.5714285714285714, '#d1e834'], [0.6428571428571429,
                             '#f3c63a'], [0.7142857142857143, '#fe9b2d'],
                             [0.7857142857142857, '#f36315'], [0.8571428571428571,
                             '#d93806'], [0.9285714285714286, '#b11901'], [1.0,
                             '#7a0402']],
              'showscale': False,
              'type': 'heatmap',
              'uid': '4df8f4ef-3b66-46bf-af9f-bec7aa2f1774',
              'xaxis': 'x3',
              'yaxis': 'y3',
              'z': array([[0., 0., 0., 0., 0., 0., 0., 0., 0., 0.],
                          [0., 0., 0., 0., 0., 0., 0., 0., 0., 0.],
                          [0., 0., 0., 0., 0., 0., 0., 0., 0., 0.],
                          [0., 0., 0., 0., 0., 0., 0., 0., 0., 0.],
                          [0., 0., 0., 0., 0., 0., 0., 0., 0., 0.],
                          [0., 0., 0., 0., 0., 0., 0., 0., 0., 0.],
                          [0., 0., 0., 0., 0., 0., 0., 0., 0., 0.],
                          [0., 0., 0., 0., 0., 0., 0., 0., 0., 0.],
                          [0., 0., 0., 0., 0., 0., 0., 0., 0., 0.],
                          [0., 0., 0., 0., 0., 0., 0., 0., 0., 0.]]),
              'zmax': 1,
              'zmin': 0},
             {'colorscale': [[0.0, '#30123b'], [0.07142857142857142, '#4145ab'],
                             [0.14285714285714285, '#4675ed'],
                             [0.21428571428571427, '#39a2fc'], [0.2857142857142857,
                             '#1bcfd4'], [0.35714285714285715, '#24eca6'],
                             [0.42857142857142855, '#61fc6c'], [0.5, '#a4fc3b'],
                             [0.5714285714285714, '#d1e834'], [0.6428571428571429,
                             '#f3c63a'], [0.7142857142857143, '#fe9b2d'],
                             [0.7857142857142857, '#f36315'], [0.8571428571428571,
                             '#d93806'], [0.9285714285714286, '#b11901'], [1.0,
                             '#7a0402']],
              'showscale': False,
              'type': 'heatmap',
              'uid': '9534b7b2-fd8e-4948-8e7d-de7f9ce1c90e',
              'xaxis': 'x4',
              'yaxis': 'y4',
              'z': array([[0., 0., 0., 0., 0., 0., 0., 0., 0., 0.],
                          [0., 0., 0., 0., 0., 0., 0., 0., 0., 0.],
                          [0., 0., 0., 0., 0., 0., 0., 0., 0., 0.],
                          [0., 0., 0., 0., 0., 0., 0., 0., 0., 0.],
                          [0., 0., 0., 0., 0., 0., 0., 0., 0., 0.],
                          [0., 0., 0., 0., 0., 0., 0., 0., 0., 0.],
                          [0., 0., 0., 0., 0., 0., 0., 0., 0., 0.],
                          [0., 0., 0., 0., 0., 0., 0., 0., 0., 0.],
                          [0., 0., 0., 0., 0., 0., 0., 0., 0., 0.],
                          [0., 0., 0., 0., 0., 0., 0., 0., 0., 0.]]),
              'zmax': 1,
              'zmin': 0},
             {'line': {'color': 'red', 'width': 2},
              'mode': 'lines',
              'name': 'Up Proximity',
              'showlegend': True,
              'type': 'scatter',
              'uid': '7c221a4f-d58b-457a-84de-241e764446b5',
              'x': [],
              'xaxis': 'x4',
              'y': [],
              'yaxis': 'y4'},
             {'line': {'color': 'green', 'width': 2},
              'mode': 'lines',
              'name': 'Down Proximity',
              'showlegend': True,
              'type': 'scatter',
              'uid': '737101d7-bb7b-4b20-a577-5690fc2cab70',
              'x': [],
              'xaxis': 'x4',
              'y': [],
              'yaxis': 'y4'},
             {'line': {'color': 'blue', 'width': 2},
              'mode': 'lines',
              'name': 'Training Loss',
              'showlegend': True,
              'type': 'scatter',
              'uid': '9320f521-8b07-47ba-99f2-057b848dde48',
              'x': [],
              'xaxis': 'x5',
              'y': [],
              'yaxis': 'y5'},
             {'line': {'color': 'red', 'width': 2},
              'mode': 'lines',
              'name': 'Test Loss',
              'showlegend': True,
              'type': 'scatter',
              'uid': '51b2f457-bb59-4afe-a0ee-654aab559ced',
              'x': [],
              'xaxis': 'x5',
              'y': [],
              'yaxis': 'y5'},
             {'line': {'color': 'green', 'width': 2},
              'mode': 'lines',
              'name': 'Omniscient PnL',
              'showlegend': True,
              'type': 'scatter',
              'uid': '0b80b4fd-52e7-4b7e-9595-0d8e44fee245',
              'x': [],
              'xaxis': 'x6',
              'y': [],
              'yaxis': 'y6'},
             {'line': {'color': 'red', 'width': 2},
              'mode': 'lines',
              'name': 'Prediction PnL',
              'showlegend': True,
              'type': 'scatter',
              'uid': '931c4b67-02f1-4324-9510-ee5ae15ad038',
              'x': [],
              'xaxis': 'x6',
              'y': [],
              'yaxis': 'y6'}],
    'layout': {'annotations': [{'font': {'size': 16},
                                'showarrow': False,
                                'text': 'Bid and Ask Price Levels',
                                'x': 0.5,
                                'xanchor': 'center',
                                'xref': 'paper',
                                'y': 1.0,
                                'yanchor': 'bottom',
                                'yref': 'paper'},
                               {'font': {'size': 16},
                                'showarrow': False,
                                'text': 'Books',
                                'x': 0.5,
                                'xanchor': 'center',
                                'xref': 'paper',
                                'y': 0.825,
                                'yanchor': 'bottom',
                                'yref': 'paper'},
                               {'font': {'size': 16},
                                'showarrow': False,
                                'text': 'Level Proximity',
                                'x': 0.5,
                                'xanchor': 'center',
                                'xref': 'paper',
                                'y': 0.65,
                                'yanchor': 'bottom',
                                'yref': 'paper'},
                               {'font': {'size': 16},
                                'showarrow': False,
                                'text': 'Prediction',
                                'x': 0.5,
                                'xanchor': 'center',
                                'xref': 'paper',
                                'y': 0.475,
                                'yanchor': 'bottom',
                                'yref': 'paper'},
                               {'font': {'size': 16},
                                'showarrow': False,
                                'text': 'Training Loss vs Test Loss',
                                'x': 0.5,
                                'xanchor': 'center',
                                'xref': 'paper',
                                'y': 0.3,
                                'yanchor': 'bottom',
                                'yref': 'paper'},
                               {'font': {'size': 16},
                                'showarrow': False,
                                'text': 'Omniscient PnL vs Prediction PnL',
                                'x': 0.5,
                                'xanchor': 'center',
                                'xref': 'paper',
                                'y': 0.125,
                                'yanchor': 'bottom',
                                'yref': 'paper'}],
               'height': 1000,
               'legend': {'orientation': 'h', 'x': 0.5, 'xanchor': 'center', 'y': 1.02, 'yanchor': 'bottom'},
               'margin': {'b': 50, 'l': 50, 'r': 50, 't': 50},
               'showlegend': True,
               'template': '...',
               'width': 1200,
               'xaxis': {'anchor': 'y',
                         'domain': [0.0, 1.0],
                         'dtick': 100,
                         'fixedrange': True,
                         'gridcolor': 'lightgrey',
                         'gridwidth': 1,
                         'range': [0, 1000],
                         'showgrid': True,
                         'showticklabels': True,
                         'zeroline': False},
               'xaxis2': {'anchor': 'y2',
                          'domain': [0.0, 1.0],
                          'fixedrange': True,
                          'gridcolor': 'lightgrey',
                          'gridwidth': 1,
                          'showgrid': True,
                          'zeroline': False},
               'xaxis3': {'anchor': 'y3',
                          'domain': [0.0, 1.0],
                          'fixedrange': True,
                          'gridcolor': 'lightgrey',
                          'gridwidth': 1,
                          'showgrid': True,
                          'zeroline': False},
               'xaxis4': {'anchor': 'y4',
                          'domain': [0.0, 1.0],
                          'fixedrange': True,
                          'gridcolor': 'lightgrey',
                          'gridwidth': 1,
                          'showgrid': True,
                          'showticklabels': False,
                          'zeroline': False},
               'xaxis5': {'anchor': 'y5',
                          'domain': [0.0, 1.0],
                          'fixedrange': True,
                          'gridcolor': 'lightgrey',
                          'gridwidth': 1,
                          'showgrid': True,
                          'zeroline': False},
               'xaxis6': {'anchor': 'y6',
                          'domain': [0.0, 1.0],
                          'fixedrange': True,
                          'gridcolor': 'lightgrey',
                          'gridwidth': 1,
                          'showgrid': True,
                          'zeroline': False},
               'yaxis': {'anchor': 'x',
                         'autorange': True,
                         'domain': [0.875, 1.0],
                         'fixedrange': True,
                         'gridcolor': 'lightgrey',
                         'gridwidth': 1,
                         'showgrid': True,
                         'tickfont': {'color': 'black'},
                         'tickformat': '.2f',
                         'title': {'font': {'color': 'black'}, 'text': 'Price'},
                         'zeroline': False},
               'yaxis2': {'anchor': 'x2', 'domain': [0.7, 0.825]},
               'yaxis3': {'anchor': 'x3', 'domain': [0.525, 0.65]},
               'yaxis4': {'anchor': 'x4', 'domain': [0.35, 0.475]},
               'yaxis5': {'anchor': 'x5',
                          'domain': [0.175, 0.3],
                          'tickfont': {'color': 'blue'},
                          'title': {'font': {'color': 'blue'}, 'text': 'Training Loss'}},
               'yaxis6': {'anchor': 'x5',
                          'domain': [0.0, 0.125],
                          'overlaying': 'y5',
                          'side': 'right',
                          'tickfont': {'color': 'red'},
                          'title': {'font': {'color': 'red'}, 'text': 'Test Loss'}},
               'yaxis7': {'domain': [0.0, 0.16],
                          'fixedrange': True,
                          'tickfont': {'color': 'green'},
                          'tickformat': '02d',
                          'title': {'font': {'color': 'green'}, 'text': 'Omniscient PnL'}},
               'yaxis8': {'anchor': 'x6',
                          'fixedrange': True,
                          'overlaying': 'y7',
                          'side': 'right',
                          'tickfont': {'color': 'red'},
                          'tickformat': '02d',
                          'title': {'font': {'color': 'red'}, 'text': 'Prediction PnL'}}}
})